// Jest Snapshot v1, https://goo.gl/fbAQLP

exports[`Calculator should render correctly 1`] = `
<DocumentFragment>
  <div
    class="calc-wrapper"
  >
    <h2
      data-testid="calc-heading"
    >
      Let's do some math!
    </h2>
    <div
      class="calculator"
    >
      <div
        class="display"
        data-testid="click"
      >
         
      </div>
      <div
        class="buttons-cont"
      >
        <button
          type="button"
        >
          AC
        </button>
        <button
          type="button"
        >
          +/-
        </button>
        <button
          type="button"
        >
          %
        </button>
        <button
          class="operations"
          type="button"
        >
          รท
        </button>
        <button
          type="button"
        >
          7
        </button>
        <button
          type="button"
        >
          8
        </button>
        <button
          type="button"
        >
          9
        </button>
        <button
          class="operations"
          type="button"
        >
          ร
        </button>
        <button
          type="button"
        >
          4
        </button>
        <button
          type="button"
        >
          5
        </button>
        <button
          type="button"
        >
          6
        </button>
        <button
          class="operations"
          type="button"
        >
          -
        </button>
        <button
          type="button"
        >
          1
        </button>
        <button
          type="button"
        >
          2
        </button>
        <button
          type="button"
        >
          3
        </button>
        <button
          class="operations"
          type="button"
        >
          +
        </button>
        <button
          class="rowspan"
          type="button"
        >
          0
        </button>
        <button
          type="button"
        >
          .
        </button>
        <button
          class="operations"
          type="button"
        >
          =
        </button>
      </div>
    </div>
  </div>
</DocumentFragment>
`;
