// Jest Snapshot v1, https://goo.gl/fbAQLP

exports[`Layout renders correctly 1`] = `
<div>
  <h1>
    Layout
  </h1>
</div>
`;
