// Jest Snapshot v1, https://goo.gl/fbAQLP

exports[`NotFound renders correctly 1`] = `
<div>
  <div
    class="not-found"
  >
    <h1
      data-testid="error-div"
    >
      OOOOPS! Seems you entered a wrong URL!
    </h1>
  </div>
</div>
`;
