// Jest Snapshot v1, https://goo.gl/fbAQLP

exports[`Quotes component renders a quote 1`] = `
<div
  className="quotes"
>
  <h3
    data-testid="quotes-div"
  />
</div>
`;
